// Jest Snapshot v1, https://goo.gl/fbAQLP

exports[`OE - Gallery default renders correctly 1`] = `
<jest>
  <div
    class="bcl-gallery"
  >
    <a
      class="d-inline-block m-2"
      data-bs-slide-to="0"
      data-bs-target="#carouselExample"
      href="#"
    >
      <img
        data-bs-target="#modalCarouselExample"
        data-bs-toggle="modal"
        src="https://picsum.photos/100/100?random=1"
      />
    </a>
    <a
      class="d-inline-block m-2"
      data-bs-slide-to="1"
      data-bs-target="#carouselExample"
      href="#"
    >
      <img
        data-bs-target="#modalCarouselExample"
        data-bs-toggle="modal"
        src="https://picsum.photos/100/100?random=2"
      />
    </a>
    <a
      class="d-inline-block m-2"
      data-bs-slide-to="2"
      data-bs-target="#carouselExample"
      href="#"
    >
      <img
        data-bs-target="#modalCarouselExample"
        data-bs-toggle="modal"
        src="https://picsum.photos/100/100?random=3"
      />
    </a>
    <a
      class="d-inline-block m-2"
      data-bs-slide-to="3"
      data-bs-target="#carouselExample"
      href="#"
    >
      <img
        data-bs-target="#modalCarouselExample"
        data-bs-toggle="modal"
        src="https://picsum.photos/100/100?random=4"
      />
    </a>
    <a
      class="d-inline-block m-2"
      data-bs-slide-to="4"
      data-bs-target="#carouselExample"
      href="#"
    >
      <img
        data-bs-target="#modalCarouselExample"
        data-bs-toggle="modal"
        src="https://picsum.photos/100/100?random=5"
      />
    </a>
    <p>
      <a
        aria-controls="collapseCarouselExample"
        aria-expanded="false"
        class="btn btn-primary ms-2"
        data-bs-toggle="collapse"
        href="#collapseCarouselExample"
        role="button"
      >
        View all
      </a>
    </p>
    <div
      class="collapse"
      id="collapseCarouselExample"
    >
      <a
        class="d-inline-block m-2"
        data-bs-slide-to="5"
        data-bs-target="#carouselExample"
        href="#"
      >
        <img
          data-bs-target="#modalCarouselExample"
          data-bs-toggle="modal"
          src="https://picsum.photos/100/100?random=6"
        />
      </a>
      <a
        class="d-inline-block m-2"
        data-bs-slide-to="6"
        data-bs-target="#carouselExample"
        href="#"
      >
        <img
          data-bs-target="#modalCarouselExample"
          data-bs-toggle="modal"
          src="https://picsum.photos/100/100?random=7"
        />
      </a>
      <a
        class="d-inline-block m-2"
        data-bs-slide-to="7"
        data-bs-target="#carouselExample"
        href="#"
      >
        <img
          data-bs-target="#modalCarouselExample"
          data-bs-toggle="modal"
          src="https://picsum.photos/100/100?random=8"
        />
      </a>
      <a
        class="d-inline-block m-2"
        data-bs-slide-to="8"
        data-bs-target="#carouselExample"
        href="#"
      >
        <img
          data-bs-target="#modalCarouselExample"
          data-bs-toggle="modal"
          src="https://picsum.photos/100/100?random=9"
        />
      </a>
    </div>
    <div
      aria-hidden="true"
      aria-labelledby="modalCarouselExample"
      class="modal"
      data-bs-backdrop="false"
      id="modalCarouselExample"
      tabindex="-1"
    >
      <div
        class="modal-dialog modal-dialog-centered modal-fullscreen"
      >
        <div
          class="modal-content"
        >
          <button
            aria-label="Close"
            class="btn-close"
            data-bs-dismiss="modal"
            type="button"
          />
          <div
            class="carousel-pager"
          >
            <span>
              1
            </span>
             / 9
          
          </div>
          <div
            class="carousel slide"
            data-bs-interval="false"
            data-bs-ride="carousel"
            id="carouselExample"
          >
            <div
              class="carousel-inner"
            >
              <div
                class="carousel-item active"
              >
                <img
                  alt="First slide"
                  data-src="https://picsum.photos/800/400?random=1"
                />
                <div
                  class="carousel-caption d-none d-md-block"
                >
                  <div
                    class="d-none d-md-block"
                  >
                    <h5>
                      First slide label
                    </h5>
                    <p>
                      Some representative placeholder content for the first slide.
                    </p>
                  </div>
                </div>
              </div>
              <div
                class="carousel-item"
              >
                <img
                  alt="First slide"
                  data-src="https://picsum.photos/800/400?random=2"
                />
                <div
                  class="carousel-caption d-none d-md-block"
                >
                  <div
                    class="d-none d-md-block"
                  >
                    <h5>
                      First slide label
                    </h5>
                    <p>
                      Some representative placeholder content for the first slide.
                    </p>
                  </div>
                </div>
              </div>
              <div
                class="carousel-item"
              >
                <iframe
                  data-src="https://www.youtube.com/embed/fgi-GSCB6ho"
                  frameborder="0"
                />
              </div>
              <div
                class="carousel-item"
              >
                <img
                  alt="First slide"
                  data-src="https://picsum.photos/800/400?random=4"
                />
                <div
                  class="carousel-caption d-none d-md-block"
                >
                  <div
                    class="d-none d-md-block"
                  >
                    <h5>
                      First slide label
                    </h5>
                    <p>
                      Some representative placeholder content for the first slide.
                    </p>
                  </div>
                </div>
              </div>
              <div
                class="carousel-item"
              >
                <video
                  controls="controls"
                  poster="https://picsum.photos/800/400?random=5"
                >
                  <source
                    src="https://inno-ecl.s3.amazonaws.com/media/videos/big_buck_bunny.mp4"
                    type="video/mp4"
                  />
                  <source
                    src="https://inno-ecl.s3.amazonaws.com/media/videos/big_buck_bunny.webm"
                    type="video/webm"
                  />
                  <track
                    kind="captions"
                    label="English"
                    src="/captions/bunny-en.vtt"
                    srclang="en"
                  />
                  <track
                    kind="captions"
                    label="franÃ§ais"
                    src="/captions/bunny-fr.vtt"
                    srclang="fr"
                  />
                </video>
              </div>
              <div
                class="carousel-item"
              >
                <img
                  alt="First slide"
                  data-src="https://picsum.photos/800/400?random=6"
                />
                <div
                  class="carousel-caption d-none d-md-block"
                >
                  <div
                    class="d-none d-md-block"
                  >
                    <h5>
                      First slide label
                    </h5>
                    <p>
                      Some representative placeholder content for the first slide.
                    </p>
                  </div>
                </div>
              </div>
              <div
                class="carousel-item"
              >
                <img
                  alt="First slide"
                  data-src="https://picsum.photos/800/400?random=7"
                />
                <div
                  class="carousel-caption d-none d-md-block"
                >
                  <div
                    class="d-none d-md-block"
                  >
                    <h5>
                      First slide label
                    </h5>
                    <p>
                      Some representative placeholder content for the first slide.
                    </p>
                  </div>
                </div>
              </div>
              <div
                class="carousel-item"
              >
                <img
                  alt="First slide"
                  data-src="https://picsum.photos/800/400?random=8"
                />
                <div
                  class="carousel-caption d-none d-md-block"
                >
                  <div
                    class="d-none d-md-block"
                  >
                    <h5>
                      First slide label
                    </h5>
                    <p>
                      Some representative placeholder content for the first slide.
                    </p>
                  </div>
                </div>
              </div>
              <div
                class="carousel-item"
              >
                <img
                  alt="First slide"
                  data-src="https://picsum.photos/800/400?random=9"
                />
                <div
                  class="carousel-caption d-none d-md-block"
                >
                  <div
                    class="d-none d-md-block"
                  >
                    <h5>
                      First slide label
                    </h5>
                    <p>
                      Some representative placeholder content for the first slide.
                    </p>
                  </div>
                </div>
              </div>
            </div>
            <button
              class="carousel-control-prev"
              data-bs-slide="prev"
              data-bs-target="#carouselExample"
              type="button"
            >
              <span
                aria-hidden="true"
                class="carousel-control-prev-icon"
              />
              <span
                class="visually-hidden"
              >
                Previous
              </span>
            </button>
            <button
              class="carousel-control-next"
              data-bs-slide="next"
              data-bs-target="#carouselExample"
              type="button"
            >
              <span
                aria-hidden="true"
                class="carousel-control-next-icon"
              />
              <span
                class="visually-hidden"
              >
                Next
              </span>
            </button>
          </div>
        </div>
      </div>
    </div>
  </div>
</jest>
`;
